==PROF== Connected to process 3201554 (/local1/groups/554g13/cse554-winter-2026/assignment1/rms_norm/vector/rms_norm_vector)
==PROF== Profiling "rms_norm_vector_kernel" - 0: 0%....50%....100% - 33 passes
Correctness check: PASSED
==PROF== Disconnected from process 3201554
[3201554] rms_norm_vector@127.0.0.1
  rms_norm_vector_kernel(float *, float *, float *, float, float *, float *) (144, 1, 1)x(512, 1, 1), Context 1, Stream 7, Device 0, CC 7.5
    Section: GPU Speed Of Light Throughput
    ----------------------- ----------- ------------
    Metric Name             Metric Unit Metric Value
    ----------------------- ----------- ------------
    DRAM Frequency                  Ghz         5.63
    SM Frequency                    Ghz         1.45
    Elapsed Cycles                cycle       47,245
    Memory Throughput                 %        85.63
    DRAM Throughput                   %        85.63
    Duration                         us        32.51
    L1/TEX Cache Throughput           %        15.56
    L2 Cache Throughput               %        24.71
    SM Active Cycles              cycle    37,911.47
    Compute (SM) Throughput           %        14.37
    ----------------------- ----------- ------------

    INF   This workload is utilizing greater than 80.0% of the available compute or memory performance of the device.   
          To further improve performance, work will likely need to be shifted from the most utilized to another unit.   
          Start by analyzing DRAM in the Memory Workload Analysis section.                                              

    Section: GPU Speed Of Light Roofline Chart
    INF   The ratio of peak float (FP32) to double (FP64) performance on this device is 32:1. The workload achieved 1%  
          of this device's FP32 peak performance and 0% of its FP64 peak performance. See the Profiling Guide           
          (https://docs.nvidia.com/nsight-compute/ProfilingGuide/index.html#roofline) for more details on roofline      
          analysis.                                                                                                     

    Section: PM Sampling
    ------------------------- ----------- ------------
    Metric Name               Metric Unit Metric Value
    ------------------------- ----------- ------------
    Maximum Buffer Size             Kbyte       524.29
    Maximum Sampling Interval       cycle       20,000
    # Pass Groups                                    1
    ------------------------- ----------- ------------

    WRN   Sampling interval is larger than 10% of the workload duration, which likely results in very few collected     
          samples.                                                                                                      

    Section: Compute Workload Analysis
    -------------------- ----------- ------------
    Metric Name          Metric Unit Metric Value
    -------------------- ----------- ------------
    Executed Ipc Active   inst/cycle         0.36
    Executed Ipc Elapsed  inst/cycle         0.34
    Issue Slots Busy               %         9.18
    Issued Ipc Active     inst/cycle         0.37
    SM Busy                        %         9.18
    -------------------- ----------- ------------

    OPT   Est. Local Speedup: 93.68%                                                                                    
          All compute pipelines are under-utilized. Either this workload is very small or it doesn't issue enough warps 
          per scheduler. Check the Launch Statistics and Scheduler Statistics sections for further details.             

    Section: Memory Workload Analysis
    -------------------------------------- ----------- ------------
    Metric Name                            Metric Unit Metric Value
    -------------------------------------- ----------- ------------
    Local Memory Spilling Requests                                0
    Local Memory Spilling Request Overhead           %            0
    Memory Throughput                          Gbyte/s       463.00
    Mem Busy                                         %        24.71
    Max Bandwidth                                    %        85.63
    L1/TEX Hit Rate                                  %         0.42
    L2 Hit Rate                                      %        33.97
    Mem Pipes Busy                                   %        14.37
    -------------------------------------- ----------- ------------

    Section: Memory Workload Analysis Tables
    OPT   Est. Speedup: 0.5718%                                                                                         
          The memory access pattern for global loads from DRAM might not be optimal. On average, only 31.8 of the 32    
          bytes transmitted per sector are utilized by each thread. This applies to the 88.6% of sectors missed in L2.  
          This could possibly be caused by a stride between threads. Check the Source Counters section for uncoalesced  
          global loads.                                                                                                 
    ----- --------------------------------------------------------------------------------------------------------------
    OPT   Est. Speedup: 0.000165%                                                                                       
          The memory access pattern for global stores to L2 might not be optimal. On average, only 32.0 of the 32 bytes 
          transmitted per sector are utilized by each thread. This applies to the 100.0% of sectors missed in L1TEX.    
          This could possibly be caused by a stride between threads. Check the Source Counters section for uncoalesced  
          global stores.                                                                                                

    Section: Scheduler Statistics
    ---------------------------- ----------- ------------
    Metric Name                  Metric Unit Metric Value
    ---------------------------- ----------- ------------
    One or More Eligible                   %         9.32
    Issued Warp Per Scheduler                        0.09
    No Eligible                            %        90.68
    Active Warps Per Scheduler          warp         7.86
    Eligible Warps Per Scheduler        warp         0.18
    ---------------------------- ----------- ------------

    OPT   Est. Local Speedup: 14.37%                                                                                    
          Every scheduler is capable of issuing one instruction per cycle, but for this workload each scheduler only    
          issues an instruction every 10.7 cycles. This might leave hardware resources underutilized and may lead to    
          less optimal performance. Out of the maximum of 8 warps per scheduler, this workload allocates an average of  
          7.86 active warps per scheduler, but only an average of 0.18 warps were eligible per cycle. Eligible warps    
          are the subset of active warps that are ready to issue their next instruction. Every cycle with no eligible   
          warp results in no instruction being issued and the issue slot remains unused. To increase the number of      
          eligible warps, avoid possible load imbalances due to highly different execution durations per warp.          
          Reducing stalls indicated on the Warp State Statistics and Source Counters sections can help, too.            

    Section: Warp State Statistics
    ---------------------------------------- ----------- ------------
    Metric Name                              Metric Unit Metric Value
    ---------------------------------------- ----------- ------------
    Warp Cycles Per Issued Instruction             cycle        84.36
    Warp Cycles Per Executed Instruction           cycle        85.76
    Avg. Active Threads Per Warp                                31.42
    Avg. Not Predicated Off Threads Per Warp                    26.93
    ---------------------------------------- ----------- ------------

    OPT   Est. Speedup: 14.37%                                                                                          
          On average, each warp of this workload spends 64.7 cycles being stalled waiting for a scoreboard dependency   
          on a L1TEX (local, global, surface, texture) operation. Find the instruction producing the data being waited  
          upon to identify the culprit. To reduce the number of cycles waiting on L1TEX data accesses verify the        
          memory access patterns are optimal for the target architecture, attempt to increase cache hit rates by        
          increasing data locality (coalescing), or by changing the cache configuration. Consider moving frequently     
          used data to shared memory. This stall type represents about 76.7% of the total average of 84.4 cycles        
          between issuing two instructions.                                                                             
    ----- --------------------------------------------------------------------------------------------------------------
    INF   Check the Warp Stall Sampling (All Samples) table for the top stall locations in your source based on         
          sampling data. The Profiling Guide                                                                            
          (https://docs.nvidia.com/nsight-compute/ProfilingGuide/index.html#metrics-reference) provides more details    
          on each stall reason.                                                                                         

    Section: Instruction Statistics
    ---------------------------------------- ----------- ------------
    Metric Name                              Metric Unit Metric Value
    ---------------------------------------- ----------- ------------
    Avg. Executed Instructions Per Scheduler        inst     3,425.34
    Executed Instructions                           inst      986,499
    Avg. Issued Instructions Per Scheduler          inst     3,482.01
    Issued Instructions                             inst    1,002,820
    ---------------------------------------- ----------- ------------

    OPT   Est. Speedup: 2.29%                                                                                           
          This kernel executes 32769 fused and 86274 non-fused FP32 instructions. By converting pairs of non-fused      
          instructions to their fused (https://docs.nvidia.com/cuda/floating-point/#cuda-and-floating-point),           
          higher-throughput equivalent, the achieved FP32 performance could be increased by up to 36% (relative to its  
          current performance).                                                                                         

    Section: Launch Statistics
    -------------------------------- --------------- ---------------
    Metric Name                          Metric Unit    Metric Value
    -------------------------------- --------------- ---------------
    Block Size                                                   512
    Function Cache Configuration                     CachePreferNone
    Grid Size                                                    144
    Registers Per Thread             register/thread              24
    Shared Memory Configuration Size           Kbyte           32.77
    Driver Shared Memory Per Block        byte/block               0
    Dynamic Shared Memory Per Block       byte/block               0
    Static Shared Memory Per Block       Kbyte/block            2.05
    # SMs                                         SM              72
    Stack Size                                                 1,024
    Threads                                   thread          73,728
    # TPCs                                                        36
    Enabled TPC IDs                                              all
    Uses Green Context                                             0
    Waves Per SM                                                   1
    -------------------------------- --------------- ---------------

    Section: Occupancy
    ------------------------------- ----------- ------------
    Metric Name                     Metric Unit Metric Value
    ------------------------------- ----------- ------------
    Block Limit SM                        block           16
    Block Limit Registers                 block            5
    Block Limit Shared Mem                block           16
    Block Limit Warps                     block            2
    Theoretical Active Warps per SM        warp           32
    Theoretical Occupancy                     %          100
    Achieved Occupancy                        %        97.45
    Achieved Active Warps Per SM           warp        31.18
    ------------------------------- ----------- ------------

    Section: GPU and Memory Workload Distribution
    -------------------------- ----------- ------------
    Metric Name                Metric Unit Metric Value
    -------------------------- ----------- ------------
    Average DRAM Active Cycles       cycle   156,803.33
    Total DRAM Elapsed Cycles        cycle    2,197,504
    Average L1 Active Cycles         cycle    37,911.47
    Total L1 Elapsed Cycles          cycle    2,899,524
    Average L2 Active Cycles         cycle    31,354.54
    Total L2 Elapsed Cycles          cycle    2,151,024
    Average SM Active Cycles         cycle    37,911.47
    Total SM Elapsed Cycles          cycle    2,899,524
    Average SMSP Active Cycles       cycle    37,372.26
    Total SMSP Elapsed Cycles        cycle   11,598,096
    -------------------------- ----------- ------------

    OPT   Est. Speedup: 7.977%                                                                                          
          One or more L2 Slices have a much higher number of active cycles than the average number of active cycles.    
          Maximum instance value is 11.40% above the average, while the minimum instance value is 2.00% below the       
          average.                                                                                                      

    Section: Source Counters
    ------------------------- ----------- ------------
    Metric Name               Metric Unit Metric Value
    ------------------------- ----------- ------------
    Branch Instructions Ratio           %         0.10
    Branch Instructions              inst      102,815
    Branch Efficiency                   %        99.44
    Avg. Divergent Branches      branches         1.50
    ------------------------- ----------- ------------

