==PROF== Connected to process 2568851 (/local1/groups/554g13/cse554-winter-2026/assignment1/silu/CUDA/silu)
==PROF== Profiling "silu_kernel" - 0: 0%....50%....100% - 33 passes
Correctness check passed.
==PROF== Disconnected from process 2568851
[2568851] silu@127.0.0.1
  silu_kernel(float *, float *, unsigned long) (262144, 1, 1)x(256, 1, 1), Context 1, Stream 7, Device 0, CC 7.5
    Section: GPU Speed Of Light Throughput
    ----------------------- ----------- ------------
    Metric Name             Metric Unit Metric Value
    ----------------------- ----------- ------------
    DRAM Frequency                  Ghz         6.48
    SM Frequency                    Ghz         1.45
    Elapsed Cycles                cycle    1,375,213
    Memory Throughput                 %        91.02
    DRAM Throughput                   %        91.02
    Duration                         us       945.22
    L1/TEX Cache Throughput           %        19.27
    L2 Cache Throughput               %        26.82
    SM Active Cycles              cycle 1,362,318.47
    Compute (SM) Throughput           %        19.16
    ----------------------- ----------- ------------

    INF   This workload is utilizing greater than 80.0% of the available compute or memory performance of the device.   
          To further improve performance, work will likely need to be shifted from the most utilized to another unit.   
          Start by analyzing DRAM in the Memory Workload Analysis section.                                              

    Section: GPU Speed Of Light Roofline Chart
    INF   The ratio of peak float (FP32) to double (FP64) performance on this device is 32:1. The workload achieved 11% 
          of this device's FP32 peak performance and 0% of its FP64 peak performance. See the Profiling Guide           
          (https://docs.nvidia.com/nsight-compute/ProfilingGuide/index.html#roofline) for more details on roofline      
          analysis.                                                                                                     

    Section: PM Sampling
    ------------------------- ----------- ------------
    Metric Name               Metric Unit Metric Value
    ------------------------- ----------- ------------
    Maximum Buffer Size             Mbyte         1.05
    Maximum Sampling Interval       cycle       20,000
    # Pass Groups                                    1
    ------------------------- ----------- ------------

    Section: Compute Workload Analysis
    -------------------- ----------- ------------
    Metric Name          Metric Unit Metric Value
    -------------------- ----------- ------------
    Executed Ipc Active   inst/cycle         0.77
    Executed Ipc Elapsed  inst/cycle         0.77
    Issue Slots Busy               %        19.24
    Issued Ipc Active     inst/cycle         0.77
    SM Busy                        %        19.24
    -------------------- ----------- ------------

    OPT   Est. Local Speedup: 81.83%                                                                                    
          All compute pipelines are under-utilized. Either this workload is very small or it doesn't issue enough warps 
          per scheduler. Check the Launch Statistics and Scheduler Statistics sections for further details.             

    Section: Memory Workload Analysis
    -------------------------------------- ----------- ------------
    Metric Name                            Metric Unit Metric Value
    -------------------------------------- ----------- ------------
    Local Memory Spilling Requests                                0
    Local Memory Spilling Request Overhead           %            0
    Memory Throughput                          Gbyte/s       566.51
    Mem Busy                                         %        26.82
    Max Bandwidth                                    %        91.02
    L1/TEX Hit Rate                                  %            0
    L2 Hit Rate                                      %        50.02
    Mem Pipes Busy                                   %        12.77
    -------------------------------------- ----------- ------------

    Section: Scheduler Statistics
    ---------------------------- ----------- ------------
    Metric Name                  Metric Unit Metric Value
    ---------------------------- ----------- ------------
    One or More Eligible                   %        19.60
    Issued Warp Per Scheduler                        0.20
    No Eligible                            %        80.40
    Active Warps Per Scheduler          warp         6.79
    Eligible Warps Per Scheduler        warp         0.27
    ---------------------------- ----------- ------------

    OPT   Est. Local Speedup: 8.978%                                                                                    
          Every scheduler is capable of issuing one instruction per cycle, but for this workload each scheduler only    
          issues an instruction every 5.1 cycles. This might leave hardware resources underutilized and may lead to     
          less optimal performance. Out of the maximum of 8 warps per scheduler, this workload allocates an average of  
          6.79 active warps per scheduler, but only an average of 0.27 warps were eligible per cycle. Eligible warps    
          are the subset of active warps that are ready to issue their next instruction. Every cycle with no eligible   
          warp results in no instruction being issued and the issue slot remains unused. To increase the number of      
          eligible warps, avoid possible load imbalances due to highly different execution durations per warp.          
          Reducing stalls indicated on the Warp State Statistics and Source Counters sections can help, too.            

    Section: Warp State Statistics
    ---------------------------------------- ----------- ------------
    Metric Name                              Metric Unit Metric Value
    ---------------------------------------- ----------- ------------
    Warp Cycles Per Issued Instruction             cycle        34.62
    Warp Cycles Per Executed Instruction           cycle        34.63
    Avg. Active Threads Per Warp                                32.00
    Avg. Not Predicated Off Threads Per Warp                    31.11
    ---------------------------------------- ----------- ------------

    OPT   Est. Speedup: 8.978%                                                                                          
          On average, each warp of this workload spends 27.8 cycles being stalled waiting for a scoreboard dependency   
          on a L1TEX (local, global, surface, texture) operation. Find the instruction producing the data being waited  
          upon to identify the culprit. To reduce the number of cycles waiting on L1TEX data accesses verify the        
          memory access patterns are optimal for the target architecture, attempt to increase cache hit rates by        
          increasing data locality (coalescing), or by changing the cache configuration. Consider moving frequently     
          used data to shared memory. This stall type represents about 80.4% of the total average of 34.6 cycles        
          between issuing two instructions.                                                                             
    ----- --------------------------------------------------------------------------------------------------------------
    INF   Check the Warp Stall Sampling (All Samples) table for the top stall locations in your source based on         
          sampling data. The Profiling Guide                                                                            
          (https://docs.nvidia.com/nsight-compute/ProfilingGuide/index.html#metrics-reference) provides more details    
          on each stall reason.                                                                                         

    Section: Instruction Statistics
    ---------------------------------------- ----------- ------------
    Metric Name                              Metric Unit Metric Value
    ---------------------------------------- ----------- ------------
    Avg. Executed Instructions Per Scheduler        inst   262,144.13
    Executed Instructions                           inst   75,497,509
    Avg. Issued Instructions Per Scheduler          inst   262,176.05
    Issued Instructions                             inst   75,506,701
    ---------------------------------------- ----------- ------------

    Section: Launch Statistics
    -------------------------------- --------------- ---------------
    Metric Name                          Metric Unit    Metric Value
    -------------------------------- --------------- ---------------
    Block Size                                                   256
    Function Cache Configuration                     CachePreferNone
    Grid Size                                                262,144
    Registers Per Thread             register/thread              16
    Shared Memory Configuration Size           Kbyte           32.77
    Driver Shared Memory Per Block        byte/block               0
    Dynamic Shared Memory Per Block       byte/block               0
    Static Shared Memory Per Block        byte/block               0
    # SMs                                         SM              72
    Stack Size                                                 1,024
    Threads                                   thread      67,108,864
    # TPCs                                                        36
    Enabled TPC IDs                                              all
    Uses Green Context                                             0
    Waves Per SM                                              910.22
    -------------------------------- --------------- ---------------

    Section: Occupancy
    ------------------------------- ----------- ------------
    Metric Name                     Metric Unit Metric Value
    ------------------------------- ----------- ------------
    Block Limit SM                        block           16
    Block Limit Registers                 block           16
    Block Limit Shared Mem                block           16
    Block Limit Warps                     block            4
    Theoretical Active Warps per SM        warp           32
    Theoretical Occupancy                     %          100
    Achieved Occupancy                        %        84.56
    Achieved Active Warps Per SM           warp        27.06
    ------------------------------- ----------- ------------

    OPT   Est. Speedup: 8.978%                                                                                          
          The difference between calculated theoretical (100.0%) and measured achieved occupancy (84.6%) can be the     
          result of warp scheduling overheads or workload imbalances during the kernel execution. Load imbalances can   
          occur between warps within a block as well as across blocks of the same kernel. See the CUDA Best Practices   
          Guide (https://docs.nvidia.com/cuda/cuda-c-best-practices-guide/index.html#occupancy) for more details on     
          optimizing occupancy.                                                                                         

    Section: GPU and Memory Workload Distribution
    -------------------------- ----------- ------------
    Metric Name                Metric Unit Metric Value
    -------------------------- ----------- ------------
    Average DRAM Active Cycles       cycle    5,577,865
    Total DRAM Elapsed Cycles        cycle   73,536,512
    Average L1 Active Cycles         cycle 1,362,318.47
    Total L1 Elapsed Cycles          cycle   98,530,488
    Average L2 Active Cycles         cycle 1,291,373.88
    Total L2 Elapsed Cycles          cycle   62,608,176
    Average SM Active Cycles         cycle 1,362,318.47
    Total SM Elapsed Cycles          cycle   98,530,488
    Average SMSP Active Cycles       cycle 1,337,504.76
    Total SMSP Elapsed Cycles        cycle  394,121,952
    -------------------------- ----------- ------------

    Section: Source Counters
    ------------------------- ----------- ------------
    Metric Name               Metric Unit Metric Value
    ------------------------- ----------- ------------
    Branch Instructions Ratio           %         0.11
    Branch Instructions              inst    8,388,618
    Branch Efficiency                   %       100.00
    Avg. Divergent Branches      branches         0.00
    ------------------------- ----------- ------------

