==PROF== Connected to process 2956774 (/local1/groups/554g13/cse554-winter-2026/assignment1/rms_norm/matrix/rms_norm_matrix)
==PROF== Profiling "rms_norm_matrix_kernel" - 0: 0%....50%....100% - 34 passes
Correctness check: PASSED
==PROF== Disconnected from process 2956774
[2956774] rms_norm_matrix@127.0.0.1
  rms_norm_matrix_kernel(float *, float *, float *, float) (8192, 1, 1)x(256, 1, 1), Context 1, Stream 7, Device 0, CC 7.5
    Section: GPU Speed Of Light Throughput
    ----------------------- ----------- ------------
    Metric Name             Metric Unit Metric Value
    ----------------------- ----------- ------------
    DRAM Frequency                  Ghz         6.48
    SM Frequency                    Ghz         1.45
    Elapsed Cycles                cycle    1,964,042
    Memory Throughput                 %        91.65
    DRAM Throughput                   %        91.65
    Duration                         ms         1.35
    L1/TEX Cache Throughput           %        16.90
    L2 Cache Throughput               %        30.73
    SM Active Cycles              cycle 1,950,769.31
    Compute (SM) Throughput           %        14.63
    ----------------------- ----------- ------------

    INF   This workload is utilizing greater than 80.0% of the available compute or memory performance of the device.   
          To further improve performance, work will likely need to be shifted from the most utilized to another unit.   
          Start by analyzing DRAM in the Memory Workload Analysis section.                                              

    Section: GPU Speed Of Light Roofline Chart
    INF   The ratio of peak float (FP32) to double (FP64) performance on this device is 32:1. The workload achieved 2%  
          of this device's FP32 peak performance and 0% of its FP64 peak performance. See the Profiling Guide           
          (https://docs.nvidia.com/nsight-compute/ProfilingGuide/index.html#roofline) for more details on roofline      
          analysis.                                                                                                     

    Section: PM Sampling
    ------------------------- ----------- ------------
    Metric Name               Metric Unit Metric Value
    ------------------------- ----------- ------------
    Maximum Buffer Size             Mbyte         1.05
    Maximum Sampling Interval       cycle       20,000
    # Pass Groups                                    1
    ------------------------- ----------- ------------

    Section: Compute Workload Analysis
    -------------------- ----------- ------------
    Metric Name          Metric Unit Metric Value
    -------------------- ----------- ------------
    Executed Ipc Active   inst/cycle         0.14
    Executed Ipc Elapsed  inst/cycle         0.14
    Issue Slots Busy               %         3.50
    Issued Ipc Active     inst/cycle         0.14
    SM Busy                        %         5.23
    -------------------- ----------- ------------

    OPT   Est. Local Speedup: 97.5%                                                                                     
          All compute pipelines are under-utilized. Either this workload is very small or it doesn't issue enough warps 
          per scheduler. Check the Launch Statistics and Scheduler Statistics sections for further details.             

    Section: Memory Workload Analysis
    -------------------------------------- ----------- ------------
    Metric Name                            Metric Unit Metric Value
    -------------------------------------- ----------- ------------
    Local Memory Spilling Requests                                0
    Local Memory Spilling Request Overhead           %            0
    Memory Throughput                          Gbyte/s       569.72
    Mem Busy                                         %        30.73
    Max Bandwidth                                    %        91.65
    L1/TEX Hit Rate                                  %        17.31
    L2 Hit Rate                                      %        43.66
    Mem Pipes Busy                                   %        14.63
    -------------------------------------- ----------- ------------

    Section: Scheduler Statistics
    ---------------------------- ----------- ------------
    Metric Name                  Metric Unit Metric Value
    ---------------------------- ----------- ------------
    One or More Eligible                   %         3.50
    Issued Warp Per Scheduler                        0.04
    No Eligible                            %        96.50
    Active Warps Per Scheduler          warp         7.76
    Eligible Warps Per Scheduler        warp         0.05
    ---------------------------- ----------- ------------

    OPT   Est. Local Speedup: 8.351%                                                                                    
          Every scheduler is capable of issuing one instruction per cycle, but for this workload each scheduler only    
          issues an instruction every 28.5 cycles. This might leave hardware resources underutilized and may lead to    
          less optimal performance. Out of the maximum of 8 warps per scheduler, this workload allocates an average of  
          7.76 active warps per scheduler, but only an average of 0.05 warps were eligible per cycle. Eligible warps    
          are the subset of active warps that are ready to issue their next instruction. Every cycle with no eligible   
          warp results in no instruction being issued and the issue slot remains unused. To increase the number of      
          eligible warps, avoid possible load imbalances due to highly different execution durations per warp.          
          Reducing stalls indicated on the Warp State Statistics and Source Counters sections can help, too.            

    Section: Warp State Statistics
    ---------------------------------------- ----------- ------------
    Metric Name                              Metric Unit Metric Value
    ---------------------------------------- ----------- ------------
    Warp Cycles Per Issued Instruction             cycle       221.48
    Warp Cycles Per Executed Instruction           cycle       221.59
    Avg. Active Threads Per Warp                                   32
    Avg. Not Predicated Off Threads Per Warp                    28.05
    ---------------------------------------- ----------- ------------

    OPT   Est. Speedup: 8.351%                                                                                          
          On average, each warp of this workload spends 197.4 cycles being stalled waiting for a scoreboard dependency  
          on a L1TEX (local, global, surface, texture) operation. Find the instruction producing the data being waited  
          upon to identify the culprit. To reduce the number of cycles waiting on L1TEX data accesses verify the        
          memory access patterns are optimal for the target architecture, attempt to increase cache hit rates by        
          increasing data locality (coalescing), or by changing the cache configuration. Consider moving frequently     
          used data to shared memory. This stall type represents about 89.1% of the total average of 221.5 cycles       
          between issuing two instructions.                                                                             
    ----- --------------------------------------------------------------------------------------------------------------
    INF   Check the Warp Stall Sampling (All Samples) table for the top stall locations in your source based on         
          sampling data. The Profiling Guide                                                                            
          (https://docs.nvidia.com/nsight-compute/ProfilingGuide/index.html#metrics-reference) provides more details    
          on each stall reason.                                                                                         

    Section: Instruction Statistics
    ---------------------------------------- ----------- ------------
    Metric Name                              Metric Unit Metric Value
    ---------------------------------------- ----------- ------------
    Avg. Executed Instructions Per Scheduler        inst    68,266.67
    Executed Instructions                           inst   19,660,800
    Avg. Issued Instructions Per Scheduler          inst    68,300.13
    Issued Instructions                             inst   19,670,437
    ---------------------------------------- ----------- ------------

    OPT   Est. Speedup: 0.8632%                                                                                         
          This kernel executes 2162688 fused and 4849664 non-fused FP32 instructions. By converting pairs of non-fused  
          instructions to their fused (https://docs.nvidia.com/cuda/floating-point/#cuda-and-floating-point),           
          higher-throughput equivalent, the achieved FP32 performance could be increased by up to 35% (relative to its  
          current performance).                                                                                         

    Section: Launch Statistics
    -------------------------------- --------------- ---------------
    Metric Name                          Metric Unit    Metric Value
    -------------------------------- --------------- ---------------
    Block Size                                                   256
    Function Cache Configuration                     CachePreferNone
    Grid Size                                                  8,192
    Registers Per Thread             register/thread              63
    Shared Memory Configuration Size           Kbyte           32.77
    Driver Shared Memory Per Block        byte/block               0
    Dynamic Shared Memory Per Block       byte/block               0
    Static Shared Memory Per Block       Kbyte/block            1.03
    # SMs                                         SM              72
    Stack Size                                                 1,024
    Threads                                   thread       2,097,152
    # TPCs                                                        36
    Enabled TPC IDs                                              all
    Uses Green Context                                             0
    Waves Per SM                                               28.44
    -------------------------------- --------------- ---------------

    Section: Occupancy
    ------------------------------- ----------- ------------
    Metric Name                     Metric Unit Metric Value
    ------------------------------- ----------- ------------
    Block Limit SM                        block           16
    Block Limit Registers                 block            4
    Block Limit Shared Mem                block           25
    Block Limit Warps                     block            4
    Theoretical Active Warps per SM        warp           32
    Theoretical Occupancy                     %          100
    Achieved Occupancy                        %        97.08
    Achieved Active Warps Per SM           warp        31.07
    ------------------------------- ----------- ------------

    Section: GPU and Memory Workload Distribution
    -------------------------- ----------- ------------
    Metric Name                Metric Unit Metric Value
    -------------------------- ----------- ------------
    Average DRAM Active Cycles       cycle 8,010,879.67
    Total DRAM Elapsed Cycles        cycle  104,889,344
    Average L1 Active Cycles         cycle 1,950,769.31
    Total L1 Elapsed Cycles          cycle  140,682,780
    Average L2 Active Cycles         cycle 1,854,198.48
    Total L2 Elapsed Cycles          cycle   90,382,464
    Average SM Active Cycles         cycle 1,950,769.31
    Total SM Elapsed Cycles          cycle  140,682,780
    Average SMSP Active Cycles       cycle 1,948,753.10
    Total SMSP Elapsed Cycles        cycle  562,731,120
    -------------------------- ----------- ------------

    Section: Source Counters
    ------------------------- ----------- ------------
    Metric Name               Metric Unit Metric Value
    ------------------------- ----------- ------------
    Branch Instructions Ratio           %         0.00
    Branch Instructions              inst       65,536
    Branch Efficiency                   %            0
    Avg. Divergent Branches      branches            0
    ------------------------- ----------- ------------

